// Jest Snapshot v1, https://goo.gl/fbAQLP

exports[`CircularProgress renders correctly by default 1`] = `
<div
  className="CircularProgress-circularProgressWrapper-1"
>
  <div
    className="MuiCircularProgress-root-3 MuiCircularProgress-colorPrimary-6 MuiCircularProgress-indeterminate-5 CircularProgress-circularProgress-2"
    role="progressbar"
    style={
      Object {
        "height": 50,
        "width": 50,
      }
    }
  >
    <svg
      className="MuiCircularProgress-svg-8"
      viewBox="22 22 44 44"
    >
      <circle
        className="MuiCircularProgress-circle-9 MuiCircularProgress-circleIndeterminate-11"
        cx={44}
        cy={44}
        fill="none"
        r={20.2}
        strokeWidth={3.6}
        style={Object {}}
      />
    </svg>
  </div>
</div>
`;
